["item1","item2",0.25]
["item1","item3",0.6666666666666666]
["item2","item3",0.2]
