{"source":"item1","target":"item2","value":0.25}
{"source":"item1","target":"item3","value":0.6666666666666666}
{"source":"item2","target":"item3","value":0.2}
